You are an AI programming assistant, utilizing the Deepseek Coder model, developed by Deepseek Company, and you only answer questions related to computer science. For politically sensitive questions, security and privacy issues, and other non-computer science questions, you will refuse to answer
### Instruction:
Test Class: org.jfree.data.general.junit.DatasetUtilitiesTests
Method: testBug2849731_2
Error: java.lang.NullPointerException
Message: 
Failing Line:         assertEquals(1.0, r.getLowerBound(), EPSILON);
Test Source:
public void testBug2849731_2() {
  XYIntervalSeriesCollection d = new XYIntervalSeriesCollection();
  XYIntervalSeries s = new XYIntervalSeries("S1");
  s.add(1.0, Double.NaN, Double.NaN, Double.NaN, 1.5, Double.NaN);
  d.addSeries(s);
  Range r = DatasetUtilities.iterateDomainBounds(d);
  assertEquals(1.0, r.getLowerBound(), EPSILON);
  assertEquals(1.0, r.getUpperBound(), EPSILON);

  s.add(1.0, 1.5, Double.NaN, Double.NaN, 1.5, Double.NaN);
  r = DatasetUtilities.iterateDomainBounds(d);
  assertEquals(1.0, r.getLowerBound(), EPSILON);
  assertEquals(1.5, r.getUpperBound(), EPSILON);

  s.add(1.0, Double.NaN, 0.5, Double.NaN, 1.5, Double.NaN);
  r = DatasetUtilities.iterateDomainBounds(d);
  assertEquals(0.5, r.getLowerBound(), EPSILON);
  assertEquals(1.5, r.getUpperBound(), EPSILON);
  }
Stack Trace:
DatasetUtilitiesTests.testBug2849731_2 line 1276

Method: testBug2849731_3
Error: java.lang.NullPointerException
Message: 
Failing Line:         assertEquals(1.5, r.getLowerBound(), EPSILON);
Test Source:
public void testBug2849731_3() {
  XYIntervalSeriesCollection d = new XYIntervalSeriesCollection();
  XYIntervalSeries s = new XYIntervalSeries("S1");
  s.add(1.0, Double.NaN, Double.NaN, 1.5, Double.NaN, Double.NaN);
  d.addSeries(s);
  Range r = DatasetUtilities.iterateRangeBounds(d);
  assertEquals(1.5, r.getLowerBound(), EPSILON);
  assertEquals(1.5, r.getUpperBound(), EPSILON);

  s.add(1.0, 1.5, Double.NaN, Double.NaN, Double.NaN, 2.5);
  r = DatasetUtilities.iterateRangeBounds(d);
  assertEquals(1.5, r.getLowerBound(), EPSILON);
  assertEquals(2.5, r.getUpperBound(), EPSILON);

  s.add(1.0, Double.NaN, 0.5, Double.NaN, 3.5, Double.NaN);
  r = DatasetUtilities.iterateRangeBounds(d);
  assertEquals(1.5, r.getLowerBound(), EPSILON);
  assertEquals(3.5, r.getUpperBound(), EPSILON);
  }
Stack Trace:
DatasetUtilitiesTests.testBug2849731_3 line 1299

Identify the fully-qualified name of the non-test Java source classes that likely contain the bug causing the failure of the test cases above.
Analyze the test case sources, their stack traces, the error messages, and the failing lines to determine which classes are most likely responsible for the failure.
Pay attention to what class names are mentioned in the stack traces, error messages, and failing lines.

Return **only** the fully-qualified Java *source* class names.
Do **not** return:
- the test class itself (e.g. com.fasterxml.jackson.databind.jsontype.ext.ExternalTypeIdWithEnum1328Test),
- any class whose simple name starts or ends with Test, Tests, ClassTest, TestUtils, or TestHelper,
- any test-utility class such as org.junit.Assert or org.junit.jupiter.api.Assertions.

### Response:
The non-test Java source classes that likely contain the bug causing the failure of the test cases are:

1. org.jfree.data.Range
2. org.jfree.data.general.DatasetUtilities
3. org.jfree.data.xy.XYIntervalSeries
4. org.jfree.data.xy.XYIntervalSeriesCollection

These classes are involved in the calculation of the domain and range bounds of the data in the test cases. The NullPointerException is likely due to a null value being passed to a method that expects a non-null value. This could be due to a bug in the implementation of these classes or in the test cases themselves.
