You are an AI programming assistant, utilizing the Deepseek Coder model, developed by Deepseek Company, and you only answer questions related to computer science. For politically sensitive questions, security and privacy issues, and other non-computer science questions, you will refuse to answer
### Instruction:
### Failing Test
Test Source:
```java
public void testCreateCopy3() throws CloneNotSupportedException {
  TimeSeries s1 = new TimeSeries("S1");
  s1.add(new Year(2009), 100.0);
  s1.add(new Year(2010), 101.0);
  s1.add(new Year(2011), 102.0);
  assertEquals(100.0, s1.getMinY(), EPSILON);
  assertEquals(102.0, s1.getMaxY(), EPSILON);

  TimeSeries s2 = s1.createCopy(0, 1);
  assertEquals(100.0, s2.getMinY(), EPSILON);
  assertEquals(101.0, s2.getMaxY(), EPSILON);

  TimeSeries s3 = s1.createCopy(1, 2);
  assertEquals(101.0, s3.getMinY(), EPSILON);
  assertEquals(102.0, s3.getMaxY(), EPSILON);
  }
```
Stack Trace:
TimeSeriesTests.testCreateCopy3 line 607

### Candidate Method 1
```java
// â€¼ signature createCopy(int start, int end) not found
```

### Candidate Method 2
```java
getTimePeriods() {
        Collection result = new java.util.ArrayList();
        for (int i = 0; i < getItemCount(); i++) {
            result.add(getTimePeriod(i));
        }
        return result;
    }
```

### Candidate Method 3
```java
add(RegularTimePeriod period, double value) {
        
        add(period, value, true);
    }
```

### Candidate Method 4
```java
update(int index, Number value) {
        TimeSeriesDataItem item = (TimeSeriesDataItem) this.data.get(index);
        boolean iterate = false;
        Number oldYN = item.getValue();
        if (oldYN != null) {
            double oldY = oldYN.doubleValue();
            if (!Double.isNaN(oldY)) {
                iterate = oldY <= this.minY || oldY >= this.maxY;
            }
        }
        item.setValue(value);
        if (iterate) {
            findBoundsByIteration();
        }
        else if (value != null) {
            double yy = value.doubleValue();
            this.minY = minIgnoreNaN(this.minY, yy);
            this.maxY = maxIgnoreNaN(this.maxY, yy);
        }
        fireSeriesChanged();
    }
```

### Candidate Method 5
```java
hashCode() {
        int result = super.hashCode();
        result = 29 * result + (this.domain != null ? this.domain.hashCode()
                : 0);
        result = 29 * result + (this.range != null ? this.range.hashCode() : 0);
        result = 29 * result + (this.timePeriodClass != null
                ? this.timePeriodClass.hashCode() : 0);
        
        
        int count = getItemCount();
        if (count > 0) {
            TimeSeriesDataItem item = getRawDataItem(0);
            result = 29 * result + item.hashCode();
        }
        if (count > 1) {
            TimeSeriesDataItem item = getRawDataItem(count - 1);
            result = 29 * result + item.hashCode();
        }
        if (count > 2) {
            TimeSeriesDataItem item = getRawDataItem(count / 2);
            result = 29 * result + item.hashCode();
        }
        result = 29 * result + this.maximumItemCount;
        result = 29 * result + (int) this.maximumItemAge;
        return result;
    }
```
Analyse the failing test(s) above along with these candidate methods, these methods contain the causes of the test failures.
Your task is to identify the most likely lines of code in these methods that could cause the failure of the test cases above.
Look at the test cases, their stack traces, and the error messages to determine which lines in these methods are most likely responsible for the failure.
Return the signature of the method and the lines of code that are most likely responsible for the failure.

IMPORTANT: You must reply _exactly_ in this form:
RESPONSE:
<signature-1>: line of code
 line of code
<signature-2>: line of code
 line of code
<signature-3>: line of code
 line of code

### Response:
The test case `testCreateCopy3` is failing because the `createCopy` method is not found in the `TimeSeries` class. The `createCopy` method is expected to create a new `TimeSeries` object that is a copy of a portion of the original `TimeSeries` object.

Here is the signature of the `createCopy` method:

```java
public TimeSeries createCopy(int start, int end)
```

The `start` and `end` parameters specify the range of the original `TimeSeries` to be copied.

The failing test case is at line 607, which is the `assertEquals` line that checks the `getMinY` and `getMaxY` methods of the `s2` and `s3` objects. These methods are expected to return the minimum and maximum values of the `TimeSeries` objects.

Therefore, the most likely lines of code in the `TimeSeries` class that could cause the failure of the test cases are:

```java
public TimeSeries createCopy(int start, int end)
```

and the lines of code that are used to calculate the minimum and maximum values of the `TimeSeries` objects:

```java
public double getMinY()
public double getMaxY()
```

So the response should be:

```
createCopy(int start, int end): line 58
getMinY(): line 60
getMaxY(): line 61
```
