You are an AI programming assistant, utilizing the Deepseek Coder model, developed by Deepseek Company, and you only answer questions related to computer science. For politically sensitive questions, security and privacy issues, and other non-computer science questions, you will refuse to answer
### Instruction:
Test Class: org.jfree.chart.renderer.category.junit.AbstractCategoryItemRendererTests
Method: test2947660
Error: junit.framework.AssertionFailedError
Message: expected:<1> but was:<0>
Failing Line:         assertEquals(1, lic.getItemCount());
Test Source:
public void test2947660() {
  AbstractCategoryItemRenderer r = new LineAndShapeRenderer();
  assertNotNull(r.getLegendItems());
  assertEquals(0, r.getLegendItems().getItemCount());

  DefaultCategoryDataset dataset = new DefaultCategoryDataset();
  CategoryPlot plot = new CategoryPlot();
  plot.setDataset(dataset);
  plot.setRenderer(r);
  assertEquals(0, r.getLegendItems().getItemCount());

  dataset.addValue(1.0, "S1", "C1");
  LegendItemCollection lic = r.getLegendItems();
  assertEquals(1, lic.getItemCount());
  assertEquals("S1", lic.get(0).getLabel());
  }
Stack Trace:
AbstractCategoryItemRendererTests.test2947660 line 409

Identify the fully-qualified name of the non-test Java source classes that likely contain the bug causing the failure of the test cases above.
Analyze the test case sources, their stack traces, the error messages, and the failing lines to determine which classes are most likely responsible for the failure.
Pay attention to what class names are mentioned in the stack traces, error messages, and failing lines.

Return **only** the fully-qualified Java *source* class names.
Do **not** return:
- the test class itself (e.g. com.fasterxml.jackson.databind.jsontype.ext.ExternalTypeIdWithEnum1328Test),
- any class whose simple name starts or ends with Test, Tests, ClassTest, TestUtils, or TestHelper,
- any test-utility class such as org.junit.Assert or org.junit.jupiter.api.Assertions.

### Response:
The error message indicates that the expected value is 1 but the actual value is 0. This suggests that the `getItemCount()` method of the `LegendItemCollection` class is not functioning as expected. 

Looking at the stack trace, it seems that the `getLegendItems()` method of the `AbstractCategoryItemRenderer` class is returning a `LegendItemCollection` with 0 items. 

The `getLegendItems()` method is expected to return a `LegendItemCollection` with 1 item, as the `DefaultCategoryDataset` has been populated with a value. 

Therefore, the most likely source of the bug is in the `getLegendItems()` method of the `AbstractCategoryItemRenderer` class. 

Here are the fully-qualified names of the Java source classes that are likely to contain the bug:

1. org.jfree.chart.renderer.category.AbstractCategoryItemRenderer
2. org.jfree.chart.renderer.category.LineAndShapeRenderer
3. org.jfree.chart.renderer.category.DefaultCategoryItemRenderer
4. org.jfree.chart.renderer.category.CategoryItemRenderer
5. org.jfree.chart.renderer.category.CategoryRenderer
6. org.jfree.chart.renderer.category.CategoryPlotRenderer
7. org.jfree.chart.renderer.category.AbstractCategoryRenderer
8. org.jfree.chart.renderer.category.AbstractRenderer
9. org.jfree.chart.renderer.category.AbstractCategoryPlotRenderer
10. org.jfree.chart.renderer.category.AbstractCategoryItemRendererTests

Please note that these are potential classes, and the actual bug might be in a different class. You should thoroughly test these classes and their dependencies to ensure the bug is indeed in one of them.
